hello, this is python